[obierzynscy-ogrody.pl/index.html]
[backblue.gif]
[fade.gif]
[index.html]
[obierzynscy-ogrody.pl/wp-content/uploads/elementor/thumbs/Ogród-w-Sosnowicach-10-o2u50978b9jwmzc0ha7bpxmtwfcehwxqpl53xnihzk.jpg]
[obierzynscy-ogrody.pl/wp-content/cache/minify/4f794.css]
[obierzynscy-ogrody.pl/feed/index.html]
[obierzynscy-ogrody.pl/comments/feed/index.html]
[obierzynscy-ogrody.pl/wp-content/themes/astra/assets/fonts/astra.woff]
[obierzynscy-ogrody.pl/wp-content/cache/minify/2aa72.css]
[obierzynscy-ogrody.pl/wp-content/cache/minify/403db.js]
[obierzynscy-ogrody.pl/xmlrpc0db0.php]
[obierzynscy-ogrody.pl/wp-includes/wlwmanifest.xml]
[obierzynscy-ogrody.pl/wp-json/oembed/1.0/embede28a.json]
[obierzynscy-ogrody.pl/wp-json/index.html]
[obierzynscy-ogrody.pl/wp-json/oembed/1.0/embed16ba]
[obierzynscy-ogrody.pl/wp-content/uploads/2019/01/obierzynscy-ogrody-logo2.png]
[obierzynscy-ogrody.pl/wp-content/uploads/elementor/thumbs/Ogród-w-drogini-o2q6hqkd1i9ed3p33l7a4low3r0gsl4ynvrvuql09c.jpg]
[obierzynscy-ogrody.pl/o-nas/index.html]
[obierzynscy-ogrody.pl/galeria/index.html]
[obierzynscy-ogrody.pl/projektowanie-ogrodow-2/index.html]
[obierzynscy-ogrody.pl/wp-content/uploads/2019/02/projektowanie-ogrodów.png]
[obierzynscy-ogrody.pl/sciezki-komunikacyjne/index.html]
[obierzynscy-ogrody.pl/pielegnacja-ogrodow/index.html]
[obierzynscy-ogrody.pl/galeria-wizualizacji/index.html]
[obierzynscy-ogrody.pl/wp-content/uploads/2019/01/gardener50x50.png]
[obierzynscy-ogrody.pl/oswietlenie-ogrodow/index.html]
[obierzynscy-ogrody.pl/trawniki-rolowane/index.html]
[obierzynscy-ogrody.pl/modernizacja-ogrodow/index.html]
[obierzynscy-ogrody.pl/systemy-automatycznego-nawadniania/index.html]
[obierzynscy-ogrody.pl/wp-content/uploads/2019/01/barrow50x50.png]
[obierzynscy-ogrody.pl/murki-skalne-i-ogrodowe/index.html]
[obierzynscy-ogrody.pl/oczka-i-kaskady-wodne/index.html]
[obierzynscy-ogrody.pl/kontakt/index.html]
[obierzynscy-ogrody.pl/wp-content/uploads/2017/07/pruning-shears50x50-free-img.png]
[obierzynscy-ogrody.pl/wp-content/uploads/2019/02/oświetlenie-ogrodu2.png]
[obierzynscy-ogrody.pl/wp-content/uploads/2019/02/trawniki-rolowane.png]
[obierzynscy-ogrody.pl/wykonywanie-ogrodow/index.html]
[obierzynscy-ogrody.pl/wp-content/uploads/2019/02/systemy-automatycznego-nawadniania.png]
[obierzynscy-ogrody.pl/wp-content/uploads/2019/02/wykonywanie-murków-oporowych-i-skalnych.png]
[obierzynscy-ogrody.pl/wp-content/uploads/2019/02/wykonywanie-oczek-wodnych-1.png]
[obierzynscy-ogrody.pl/wp-content/uploads/2019/01/icon1.png]
[obierzynscy-ogrody.pl/wp-content/uploads/2019/01/icon2.png]
[obierzynscy-ogrody.pl/wp-content/uploads/2019/01/icon-3.png]
[obierzynscy-ogrody.pl/wp-content/uploads/2019/01/icon-4.png]
[obierzynscy-ogrody.pl/wp-content/uploads/2019/01/bracia-obierzynscy2.jpg]
[obierzynscy-ogrody.pl/wp-content/uploads/2019/01/ogród-w-sosnowicach-przed-1024x726.jpg]
[obierzynscy-ogrody.pl/wp-content/uploads/2019/01/Sosnowice-po-1024x726.jpg]
[obierzynscy-ogrody.pl/wp-content/uploads/elementor/thumbs/ogród-w-myślenicach-przed-o2q7wd5es3xkax6f0ii0zxa5pfwj1ck0pmgdyfogx8.jpg]
[obierzynscy-ogrody.pl/wp-content/uploads/elementor/thumbs/ogród-w-myślenicach-po-o2q7wofh24d068q16ndjtufou2cxlpssr6a7pr7quk.jpg]
[obierzynscy-ogrody.pl/wp-content/uploads/2019/01/realizacja-ogrodu-w-łękach-przed-1024x768.jpg]
[obierzynscy-ogrody.pl/wp-content/uploads/2019/01/realizacja-ogrodu-w-łękach-po-1024x768.jpg]
[obierzynscy-ogrody.pl/wp-content/uploads/elementor/thumbs/Realizacja-ogrodu-w-drogini-3-o2u0obr27igp9muljf8h5vok2wbq95c9cyvehcvfzg.jpg]
[obierzynscy-ogrody.pl/wp-content/uploads/elementor/thumbs/Realizacja-ogrodu-w-drogini-4-o2u0odmql6j9wurv8g1qav7h9o2gojjq186dfwsnn0.jpg]
[obierzynscy-ogrody.pl/wp-content/uploads/2019/01/obierzynscy-ogrody-logo-1.png]
[obierzynscy-ogrody.pl/wp-content/uploads/2019/01/realizacja-slider-1.jpg]
[obierzynscy-ogrody.pl/wp-content/uploads/2019/01/realizacja-slider-2.jpg]
[obierzynscy-ogrody.pl/wp-content/uploads/2019/01/ogród-japoński-male.jpg]
[obierzynscy-ogrody.pl/wp-content/uploads/2019/01/realizacja-slider3.jpg]
[obierzynscy-ogrody.pl/wp-content/cache/minify/36925.css]
[obierzynscy-ogrody.pl/wp-content/cache/minify/846b2.js]
[obierzynscy-ogrody.pl/wp-content/cache/minify/0fef6.js]
[obierzynscy-ogrody.pl/wp-content/cache/minify/e6656.js]
[obierzynscy-ogrody.pl/wp-content/cache/minify/3d9a8.js]
[obierzynscy-ogrody.pl/wp-content/cache/minify/9f110.js]
[obierzynscy-ogrody.pl/index.html]
[obierzynscy-ogrody.pl/wp-content/cache/minify/4f794.css]
[obierzynscy-ogrody.pl/wp-content/plugins/contact-form-7/images/ajax-loader.gif]
[obierzynscy-ogrody.pl/wp-content/plugins/so-widgets-bundle/css/slider/fonts/slidere8c2.eot]
[obierzynscy-ogrody.pl/wp-content/plugins/so-widgets-bundle/css/slider/fonts/sliderd41d.eot]
[obierzynscy-ogrody.pl/wp-content/plugins/so-widgets-bundle/css/slider/fonts/slidere8c2.woff]
[obierzynscy-ogrody.pl/wp-content/plugins/so-widgets-bundle/css/slider/fonts/slidere8c2.ttf]
[obierzynscy-ogrody.pl/wp-content/plugins/so-widgets-bundle/css/slider/fonts/slidere8c2.svg]
[obierzynscy-ogrody.pl/wp-content/plugins/elementor/assets/lib/eicons/fonts/eiconsc9e4.eot]
[obierzynscy-ogrody.pl/wp-content/plugins/elementor/assets/lib/eicons/fonts/eiconsc9e4.woff2]
[obierzynscy-ogrody.pl/wp-content/plugins/elementor/assets/lib/eicons/fonts/eiconsc9e4.woff]
[obierzynscy-ogrody.pl/wp-content/plugins/elementor/assets/lib/eicons/fonts/eiconsc9e4.ttf]
[obierzynscy-ogrody.pl/wp-content/plugins/elementor/assets/lib/eicons/fonts/eiconsc9e4.svg]
[obierzynscy-ogrody.pl/wp-content/plugins/elementor/assets/lib/font-awesome/fonts/fontawesome-webfont3e6e.eot]
[obierzynscy-ogrody.pl/wp-content/plugins/elementor/assets/lib/font-awesome/fonts/fontawesome-webfontd41d.eot]
[obierzynscy-ogrody.pl/wp-content/plugins/elementor/assets/lib/font-awesome/fonts/fontawesome-webfont3e6e.woff2]
[obierzynscy-ogrody.pl/wp-content/plugins/elementor/assets/lib/font-awesome/fonts/fontawesome-webfont3e6e.woff]
[obierzynscy-ogrody.pl/wp-content/plugins/elementor/assets/lib/font-awesome/fonts/fontawesome-webfont3e6e.ttf]
[obierzynscy-ogrody.pl/wp-content/plugins/elementor/assets/lib/font-awesome/fonts/fontawesome-webfont3e6e.svg]
[obierzynscy-ogrody.pl/wp-content/cache/minify/2aa72.css]
[obierzynscy-ogrody.pl/wp-content/cache/minify/403db.js]
[obierzynscy-ogrody.pl/wp-content/uploads/2019/01/big-diamond40x40.png]
[obierzynscy-ogrody.pl/wp-content/cache/minify/41fd0.css]
[obierzynscy-ogrody.pl/wp-json/oembed/1.0/embed4a53.json]
[obierzynscy-ogrody.pl/wp-json/oembed/1.0/embedd45b]
[obierzynscy-ogrody.pl/wp-content/uploads/2019/01/sight40x40.png]
[obierzynscy-ogrody.pl/wp-content/uploads/2019/01/gift40x40.png]
[obierzynscy-ogrody.pl/wp-content/uploads/2019/01/bracia-obierzynscy2-1024x678.jpg]
[obierzynscy-ogrody.pl/wp-content/uploads/2019/01/dlaczego-my-small.png]
[obierzynscy-ogrody.pl/wp-content/uploads/2019/02/dyplom-stawy-kąpielowe-mateusz-obierzynski-1024x718.jpg]
[obierzynscy-ogrody.pl/wp-content/uploads/2019/02/dyplom-stawy-kąpielowe-dariusz-obierzynski-1024x718.jpg]
[obierzynscy-ogrody.pl/wp-content/uploads/2019/02/zastosowanie-dóbr-i-tehcniki-wodnej-do-oczek-wodnych-mateusz-obierzynski.jpg-1024x718.jpg]
[obierzynscy-ogrody.pl/wp-content/uploads/2019/02/zastosowanie-dóbr-i-tehcniki-wodnej-do-oczek-wodnych-dariusz-obierzynski-1024x718.jpg]
[obierzynscy-ogrody.pl/wp-content/uploads/2019/02/certyfikat-projektowania-i-montażu-systemów-automatycznego-nawadniania-dariusz-obierzynski-718x1024.jpg]
[obierzynscy-ogrody.pl/wp-content/uploads/2019/02/certyfikat-projektowania-i-montażu-systemów-automatycznego-nawadniania-mateusz-obierzynski.jpg-718x1024.jpg]
[obierzynscy-ogrody.pl/wp-content/cache/minify/fdeb8.js]
[obierzynscy-ogrody.pl/o-nas/index.html]
[obierzynscy-ogrody.pl/wp-content/uploads/2019/01/IMG_20180630_125708-768x576.jpg]
[obierzynscy-ogrody.pl/wp-content/cache/minify/25722.css]
[obierzynscy-ogrody.pl/wp-json/oembed/1.0/embed00ba.json]
[obierzynscy-ogrody.pl/wp-json/oembed/1.0/embed7466]
[obierzynscy-ogrody.pl/wp-content/uploads/2019/01/Ogród-w-Sosnowicach-8.jpg]
[obierzynscy-ogrody.pl/wp-content/uploads/2019/01/Ogród-w-Sosnowicach-9.jpg]
[obierzynscy-ogrody.pl/wp-content/uploads/2019/01/Ogród-w-Sosnowicach-10.jpg]
[obierzynscy-ogrody.pl/wp-content/uploads/2019/01/Ogród-w-Sosnowicach-11.jpg]
[obierzynscy-ogrody.pl/wp-content/uploads/2019/01/Ogród-w-Sosnowicach-1.jpg]
[obierzynscy-ogrody.pl/wp-content/uploads/2019/01/Ogród-w-Sosnowicach-2.jpg]
[obierzynscy-ogrody.pl/wp-content/uploads/2019/01/Ogród-w-Sosnowicach-3.jpg]
[obierzynscy-ogrody.pl/wp-content/uploads/2019/01/Ogród-w-Sosnowicach-4.jpg]
[obierzynscy-ogrody.pl/wp-content/uploads/2019/01/Ogród-w-Sosnowicach-5.jpg]
[obierzynscy-ogrody.pl/wp-content/uploads/2019/01/Ogród-w-Sosnowicach-7.jpg]
[obierzynscy-ogrody.pl/wp-content/uploads/2019/01/Realizacja-ogrodu-w-drogini.jpg-4.jpg]
[obierzynscy-ogrody.pl/wp-content/uploads/2019/01/Realizacja-ogrodu-w-drogini.jpg-5.jpg]
[obierzynscy-ogrody.pl/wp-content/uploads/2019/01/Realizacja-ogrodu-w-drogini.jpg-9.jpg]
[obierzynscy-ogrody.pl/wp-content/uploads/2019/01/Realizacja-ogrodu-w-drogini.jpg-8.jpg]
[obierzynscy-ogrody.pl/wp-content/uploads/2019/01/Realizacja-ogrodu-w-drogini.jpg-7.jpg]
[obierzynscy-ogrody.pl/wp-content/uploads/2019/01/Realizacja-ogrodu-w-drogini.jpg-6.jpg]
[obierzynscy-ogrody.pl/wp-content/uploads/2019/01/Realizacja-ogrodu-w-drogini.jpg-3.jpg]
[obierzynscy-ogrody.pl/wp-content/uploads/2019/01/Realizacja-ogrodu-w-drogini.jpg-2.jpg]
[obierzynscy-ogrody.pl/wp-content/uploads/2019/01/Realizacja-ogrodu-w-drogini.jpg-1.jpg]
[obierzynscy-ogrody.pl/wp-content/uploads/2019/01/Realizacja-ogrodu-w-drogini.jpg-10.jpg]
[obierzynscy-ogrody.pl/wp-content/uploads/2019/01/Ogród-w-łękach.jpg-4.jpg]
[obierzynscy-ogrody.pl/wp-content/uploads/2019/01/Ogród-w-łękach.jpg-2.jpg]
[obierzynscy-ogrody.pl/wp-content/uploads/2019/01/Ogród-w-łękach.jpg-3.jpg]
[obierzynscy-ogrody.pl/wp-content/uploads/2019/01/Ogród-w-łękach.jpg-5.jpg]
[obierzynscy-ogrody.pl/wp-content/uploads/2019/01/Ogród-w-łękach.jpg-6.jpg]
[obierzynscy-ogrody.pl/wp-content/uploads/2019/01/Ogród-w-łękach.jpg-7.jpg]
[obierzynscy-ogrody.pl/wp-content/uploads/2019/01/Ogród-w-łękach.jpg-8.jpg]
[obierzynscy-ogrody.pl/wp-content/uploads/2019/01/Ogród-w-łękach.jpg-9.jpg]
[obierzynscy-ogrody.pl/wp-content/uploads/2019/01/Ogród-w-łękach.jpg-1.jpg]
[obierzynscy-ogrody.pl/wp-content/uploads/2019/01/Ogród-w-blasku-nocy-5.jpg]
[obierzynscy-ogrody.pl/wp-content/uploads/2019/01/Ogród-w-blasku-nocy-1.jpg]
[obierzynscy-ogrody.pl/wp-content/uploads/2019/01/Ogród-w-blasku-nocy-2.jpg]
[obierzynscy-ogrody.pl/wp-content/uploads/2019/01/Ogród-w-blasku-nocy-3.jpg]
[obierzynscy-ogrody.pl/wp-content/uploads/2019/01/Ogród-w-blasku-nocy-4.jpg]
[obierzynscy-ogrody.pl/wp-content/uploads/2019/01/Ogród-w-brzezowej-3.jpg]
[obierzynscy-ogrody.pl/wp-content/uploads/2019/01/Ogród-w-brzezowej-1.jpg]
[obierzynscy-ogrody.pl/wp-content/uploads/2019/01/Ogród-w-brzezowej-6.jpg]
[obierzynscy-ogrody.pl/wp-content/uploads/2019/01/Ogród-w-Sułkowicach.jpg]
[obierzynscy-ogrody.pl/wp-content/uploads/2019/01/Ogród-w-Sułkowicach-2.jpg]
[obierzynscy-ogrody.pl/wp-content/uploads/2019/01/Ogród-w-Sułkowicach-3.jpg]
[obierzynscy-ogrody.pl/wp-content/uploads/2019/01/Ogród-w-Sułkowicach-4.jpg]
[obierzynscy-ogrody.pl/wp-content/uploads/2019/01/Realizacja-ogrodu-w-Myślenicach.jpg-4.jpg]
[obierzynscy-ogrody.pl/wp-content/uploads/2019/01/Realizacja-ogrodu-w-Myślenicach.jpg-1.jpg]
[obierzynscy-ogrody.pl/wp-content/uploads/2019/01/Realizacja-ogrodu-w-Myślenicach.jpg-2.jpg]
[obierzynscy-ogrody.pl/wp-content/uploads/2019/01/Realizacja-ogrodu-w-Myślenicach.jpg-3.jpg]
[obierzynscy-ogrody.pl/wp-content/uploads/2019/01/Realizacja-ogrodu-w-Myślenicach.jpg-5.jpg]
[obierzynscy-ogrody.pl/wp-content/uploads/2019/01/Realizacja-ogrodu-w-Myślenicach.jpg-6.jpg]
[obierzynscy-ogrody.pl/wp-content/uploads/2019/01/Realizacja-ogrodu-w-Myślenicach.jpg-7.jpg]
[obierzynscy-ogrody.pl/wp-content/uploads/2019/01/Realizacja-ogrodu-w-Myślenicach.jpg-8.jpg]
[obierzynscy-ogrody.pl/wp-content/uploads/2019/01/Realizacja-ogrodu-w-Myślenicach.jpg-9.jpg]
[obierzynscy-ogrody.pl/wp-content/uploads/2019/01/Realizacja-ogrodu-w-Myślenicach.jpg-10.jpg]
[obierzynscy-ogrody.pl/wp-content/uploads/2019/01/ogród-w-myślenicach2-.jpg-1.jpg]
[obierzynscy-ogrody.pl/wp-content/uploads/2019/01/ogród-w-myślenicach2-.jpg-2.jpg]
[obierzynscy-ogrody.pl/wp-content/uploads/2019/01/ogród-w-myślenicach2-.jpg-3.jpg]
[obierzynscy-ogrody.pl/wp-content/uploads/2019/01/ogród-w-myślenicach2-.jpg-4.jpg]
[obierzynscy-ogrody.pl/wp-content/uploads/2019/01/ogród-w-myślenicach2-.jpg-5.jpg]
[obierzynscy-ogrody.pl/wp-content/uploads/2019/01/ogród-w-myślenicach2-.jpg-6.jpg]
[obierzynscy-ogrody.pl/wp-content/uploads/2019/01/ogród-w-myślenicach2-.jpg-7.jpg]
[obierzynscy-ogrody.pl/wp-content/uploads/2019/01/ogród-w-myślenicach2-.jpg-8.jpg]
[obierzynscy-ogrody.pl/wp-content/uploads/2019/01/realizacja-ogrodu-w-Palczy.jpg-5.jpg]
[obierzynscy-ogrody.pl/wp-content/uploads/2019/01/realizacja-ogrodu-w-Palczy.jpg-6.jpg]
[obierzynscy-ogrody.pl/wp-content/uploads/2019/01/realizacja-ogrodu-w-Palczy.jpg-7.jpg]
[obierzynscy-ogrody.pl/wp-content/uploads/2019/01/realizacja-ogrodu-w-Palczy.jpg-8.jpg]
[obierzynscy-ogrody.pl/wp-content/uploads/2019/01/realizacja-ogrodu-w-Palczy.jpg-1.jpg]
[obierzynscy-ogrody.pl/wp-content/uploads/2019/01/realizacja-ogrodu-w-Palczy.jpg-2.jpg]
[obierzynscy-ogrody.pl/wp-content/uploads/2019/01/realizacja-ogrodu-w-Palczy.jpg-3.jpg]
[obierzynscy-ogrody.pl/wp-content/uploads/2019/01/realizacja-ogrodu-w-Palczy.jpg-4.jpg]
[obierzynscy-ogrody.pl/wp-content/uploads/2019/01/ogród-parkowe-wzgórze-2.jpg]
[obierzynscy-ogrody.pl/wp-content/uploads/2019/01/ogród-parkowe-wzgórze-1.jpg]
[obierzynscy-ogrody.pl/wp-content/uploads/2019/01/ogród-parkowe-wzgórze-3.jpg]
[obierzynscy-ogrody.pl/wp-content/uploads/2019/01/Ogród-w-polance-3.jpg]
[obierzynscy-ogrody.pl/wp-content/uploads/2019/01/Ogród-w-polance-2.jpg]
[obierzynscy-ogrody.pl/wp-content/uploads/2019/01/Ogród-w-polance-1.jpg]
[obierzynscy-ogrody.pl/wp-content/uploads/2019/01/Ogród-w-polance-9.jpg]
[obierzynscy-ogrody.pl/wp-content/uploads/2019/01/Ogród-w-polance-8.jpg]
[obierzynscy-ogrody.pl/wp-content/uploads/2019/01/Ogród-w-polance-7.jpg]
[obierzynscy-ogrody.pl/wp-content/uploads/2019/01/Ogród-w-polance-6.jpg]
[obierzynscy-ogrody.pl/wp-content/uploads/2019/01/Ogród-w-polance-5.jpg]
[obierzynscy-ogrody.pl/wp-content/uploads/2019/01/Ogród-w-polance-4.jpg]
[obierzynscy-ogrody.pl/wp-content/uploads/2019/01/Ogród-w-sieprawiu-2.jpg]
[obierzynscy-ogrody.pl/wp-content/uploads/2019/01/Ogród-w-sieprawiu-1.jpg]
[obierzynscy-ogrody.pl/wp-content/uploads/2019/01/Ogród-w-sieprawiu-7.jpg]
[obierzynscy-ogrody.pl/wp-content/uploads/2019/01/Ogród-w-sieprawiu-6.jpg]
[obierzynscy-ogrody.pl/wp-content/uploads/2019/01/Ogród-w-sieprawiu-5.jpg]
[obierzynscy-ogrody.pl/wp-content/uploads/2019/01/Ogród-w-sieprawiu-4.jpg]
[obierzynscy-ogrody.pl/wp-content/uploads/2019/01/Ogród-w-sieprawiu-3.jpg]
[obierzynscy-ogrody.pl/wp-content/uploads/2019/01/kamień-w-ogrodzie-4.jpg]
[obierzynscy-ogrody.pl/wp-content/uploads/2019/01/kamień-w-ogrodzie-1.jpg]
[obierzynscy-ogrody.pl/wp-content/uploads/2019/01/kamień-w-ogrodzie-2.jpg]
[obierzynscy-ogrody.pl/wp-content/uploads/2019/01/kamień-w-ogrodzie-3.jpg]
[obierzynscy-ogrody.pl/wp-content/uploads/2019/01/kamień-w-ogrodzie-6.jpg]
[obierzynscy-ogrody.pl/wp-content/uploads/2019/01/kamień-w-ogrodzie-7.jpg]
[obierzynscy-ogrody.pl/wp-content/uploads/2019/01/kamień-w-ogrodzie-8.jpg]
[obierzynscy-ogrody.pl/wp-content/uploads/2019/01/kamień-w-ogrodzie-9.jpg]
[obierzynscy-ogrody.pl/wp-content/uploads/2019/01/kamień-w-ogrodzie-10.jpg]
[obierzynscy-ogrody.pl/wp-content/uploads/2019/01/kamień-w-ogrodzie-11.jpg]
[obierzynscy-ogrody.pl/wp-content/uploads/2019/01/woda-w-ogrodzie-1.jpg]
[obierzynscy-ogrody.pl/wp-content/uploads/2019/01/woda-w-ogrodzie-2.jpg]
[obierzynscy-ogrody.pl/wp-content/uploads/2019/01/woda-w-ogrodzie-3.jpg]
[obierzynscy-ogrody.pl/wp-content/uploads/2019/01/woda-w-ogrodzie-4.jpg]
[obierzynscy-ogrody.pl/wp-content/uploads/2019/01/woda-w-ogrodzie-5.jpg]
[obierzynscy-ogrody.pl/wp-content/uploads/2019/01/woda-w-ogrodzie-6.jpg]
[obierzynscy-ogrody.pl/wp-content/uploads/2019/01/woda-w-ogrodzie-7.jpg]
[obierzynscy-ogrody.pl/wp-content/uploads/2019/01/woda-w-ogrodzie-8.jpg]
[obierzynscy-ogrody.pl/wp-content/uploads/2019/01/woda-w-ogrodzie-9.jpg]
[obierzynscy-ogrody.pl/wp-content/uploads/2019/01/woda-w-ogrodzie-10.jpg]
[obierzynscy-ogrody.pl/wp-content/uploads/2019/01/woda-w-ogrodzie-11.jpg]
[obierzynscy-ogrody.pl/wp-content/uploads/2019/01/woda-w-ogrodzie-12.jpg]
[obierzynscy-ogrody.pl/wp-content/uploads/2019/01/woda-w-ogrodzie-13.jpg]
[obierzynscy-ogrody.pl/wp-content/uploads/2019/01/woda-w-ogrodzie-14.jpg]
[obierzynscy-ogrody.pl/wp-content/uploads/2019/01/woda-w-ogrodzie-15.jpg]
[obierzynscy-ogrody.pl/wp-content/uploads/2019/01/woda-w-ogrodzie-16.jpg]
[obierzynscy-ogrody.pl/wp-content/uploads/2019/01/woda-w-ogrodzie-17.jpg]
[obierzynscy-ogrody.pl/wp-content/uploads/2019/01/schody-z-kamienia-min-892x1024.jpg]
[obierzynscy-ogrody.pl/wp-content/cache/minify/3b3ea.js]
[obierzynscy-ogrody.pl/galeria/index.html]
[obierzynscy-ogrody.pl/wp-content/cache/minify/2b2cb.css]
[obierzynscy-ogrody.pl/wp-json/oembed/1.0/embed6995.json]
[obierzynscy-ogrody.pl/wp-json/oembed/1.0/embedec8e]
[obierzynscy-ogrody.pl/wp-content/cache/minify/d13aa.js]
[obierzynscy-ogrody.pl/wp-content/cache/minify/a017a.js]
[obierzynscy-ogrody.pl/galeria-wizualizacji/index.html]
[obierzynscy-ogrody.pl/wp-content/uploads/2019/02/mała-architektura-1024x724.jpg]
[obierzynscy-ogrody.pl/wp-content/cache/minify/fc2ab.css]
[obierzynscy-ogrody.pl/wp-json/oembed/1.0/embed73ca.json]
[obierzynscy-ogrody.pl/wp-json/oembed/1.0/embede8be]
[obierzynscy-ogrody.pl/projektowanie-ogrodow-2/index.html]
[obierzynscy-ogrody.pl/wp-content/cache/minify/eb91e.css]
[obierzynscy-ogrody.pl/wp-json/oembed/1.0/embed141c.json]
[obierzynscy-ogrody.pl/wp-json/oembed/1.0/embed74ec]
[obierzynscy-ogrody.pl/pielegnacja-ogrodow/index.html]
[obierzynscy-ogrody.pl/wp-content/uploads/2019/01/Ogród-w-Sosnowicach-10-1024x768.jpg]
[obierzynscy-ogrody.pl/wp-content/cache/minify/86de5.css]
[obierzynscy-ogrody.pl/wp-json/oembed/1.0/embed63b2.json]
[obierzynscy-ogrody.pl/wp-json/oembed/1.0/embed9de7]
[obierzynscy-ogrody.pl/sciezki-komunikacyjne/index.html]
[obierzynscy-ogrody.pl/wp-content/uploads/2019/01/Ogród-w-Sosnowicach-1-1024x726.jpg]
[obierzynscy-ogrody.pl/wp-content/cache/minify/b35d1.css]
[obierzynscy-ogrody.pl/wp-json/oembed/1.0/embed0fe8.json]
[obierzynscy-ogrody.pl/wp-json/oembed/1.0/embedb882]
[obierzynscy-ogrody.pl/modernizacja-ogrodow/index.html]
[obierzynscy-ogrody.pl/wp-content/uploads/2019/02/systemy-automatycznego-nawadniania-ogrodów-1024x768.jpg]
[obierzynscy-ogrody.pl/wp-content/cache/minify/d01f8.css]
[obierzynscy-ogrody.pl/wp-json/oembed/1.0/embed879e.json]
[obierzynscy-ogrody.pl/wp-json/oembed/1.0/embed84a6]
[obierzynscy-ogrody.pl/systemy-automatycznego-nawadniania/index.html]
[obierzynscy-ogrody.pl/wp-content/uploads/2019/01/Ogród-w-blasku-nocy-4-1024x768.jpg]
[obierzynscy-ogrody.pl/wp-content/cache/minify/2ef34.css]
[obierzynscy-ogrody.pl/wp-json/oembed/1.0/embedb947.json]
[obierzynscy-ogrody.pl/wp-json/oembed/1.0/embedb5a9]
[obierzynscy-ogrody.pl/oswietlenie-ogrodow/index.html]
[obierzynscy-ogrody.pl/wp-content/uploads/2019/02/trawniki-rolowane.jpg]
[obierzynscy-ogrody.pl/wp-content/cache/minify/93886.css]
[obierzynscy-ogrody.pl/wp-json/oembed/1.0/embedb264.json]
[obierzynscy-ogrody.pl/wp-json/oembed/1.0/embed2325]
[obierzynscy-ogrody.pl/trawniki-rolowane/index.html]
[obierzynscy-ogrody.pl/wp-content/uploads/2019/01/Realizacja-ogrodu-w-Myślenicach.jpg-6-1024x768.jpg]
[obierzynscy-ogrody.pl/wp-content/cache/minify/841ee.css]
[obierzynscy-ogrody.pl/wp-json/oembed/1.0/embedfdff.json]
[obierzynscy-ogrody.pl/wp-json/oembed/1.0/embeda3d0]
[obierzynscy-ogrody.pl/murki-skalne-i-ogrodowe/index.html]
[obierzynscy-ogrody.pl/wp-content/uploads/2019/01/woda-w-ogrodzie-12-1024x768.jpg]
[obierzynscy-ogrody.pl/wp-content/cache/minify/cbf26.css]
[obierzynscy-ogrody.pl/wp-json/oembed/1.0/embedc7b1.json]
[obierzynscy-ogrody.pl/wp-json/oembed/1.0/embedc6a1]
[obierzynscy-ogrody.pl/oczka-i-kaskady-wodne/index.html]
[obierzynscy-ogrody.pl/wp-content/uploads/2019/01/Contact-icon22.png]
[obierzynscy-ogrody.pl/wp-content/cache/minify/43402.css]
[obierzynscy-ogrody.pl/wp-json/oembed/1.0/embed50ed.json]
[obierzynscy-ogrody.pl/wp-json/oembed/1.0/embed904e]
[obierzynscy-ogrody.pl/wp-content/uploads/2019/01/Contact-icon33.png]
[obierzynscy-ogrody.pl/kontakt/index.html]
[obierzynscy-ogrody.pl/wykonywanie-ogrodow/index.html]
[obierzynscy-ogrody.pl/projektowanie-ogrodow/index.html]
[obierzynscy-ogrody.pl/wp-content/plugins/so-widgets-bundle/icons/fontawesome/webfonts/fa-brands-400.eot]
[obierzynscy-ogrody.pl/wp-content/plugins/so-widgets-bundle/icons/fontawesome/webfonts/fa-brands-400d41d.eot]
[obierzynscy-ogrody.pl/wp-content/plugins/so-widgets-bundle/icons/fontawesome/webfonts/fa-brands-400.woff2]
[obierzynscy-ogrody.pl/wp-content/plugins/so-widgets-bundle/icons/fontawesome/webfonts/fa-brands-400.woff]
[obierzynscy-ogrody.pl/wp-content/plugins/so-widgets-bundle/icons/fontawesome/webfonts/fa-brands-400.ttf]
[obierzynscy-ogrody.pl/wp-content/plugins/so-widgets-bundle/icons/fontawesome/webfonts/fa-brands-400.svg]
[obierzynscy-ogrody.pl/wp-content/plugins/so-widgets-bundle/icons/fontawesome/webfonts/fa-regular-400.eot]
[obierzynscy-ogrody.pl/wp-content/plugins/so-widgets-bundle/icons/fontawesome/webfonts/fa-regular-400d41d.eot]
[obierzynscy-ogrody.pl/wp-content/plugins/so-widgets-bundle/icons/fontawesome/webfonts/fa-regular-400.woff2]
[obierzynscy-ogrody.pl/wp-content/plugins/so-widgets-bundle/icons/fontawesome/webfonts/fa-regular-400.woff]
[obierzynscy-ogrody.pl/wp-content/plugins/so-widgets-bundle/icons/fontawesome/webfonts/fa-regular-400.ttf]
[obierzynscy-ogrody.pl/wp-content/plugins/so-widgets-bundle/icons/fontawesome/webfonts/fa-regular-400.svg]
[obierzynscy-ogrody.pl/wp-content/plugins/so-widgets-bundle/icons/fontawesome/webfonts/fa-solid-900.eot]
[obierzynscy-ogrody.pl/wp-content/plugins/so-widgets-bundle/icons/fontawesome/webfonts/fa-solid-900d41d.eot]
[obierzynscy-ogrody.pl/wp-content/plugins/so-widgets-bundle/icons/fontawesome/webfonts/fa-solid-900.woff2]
[obierzynscy-ogrody.pl/wp-content/plugins/so-widgets-bundle/icons/fontawesome/webfonts/fa-solid-900.woff]
[obierzynscy-ogrody.pl/wp-content/plugins/so-widgets-bundle/icons/fontawesome/webfonts/fa-solid-900.ttf]
[obierzynscy-ogrody.pl/wp-content/cache/minify/36925.css]
[obierzynscy-ogrody.pl/wp-content/cache/minify/846b2.js]
[obierzynscy-ogrody.pl/wp-content/cache/minify/0fef6.js]
[obierzynscy-ogrody.pl/wp-content/cache/minify/e6656.js]
[obierzynscy-ogrody.pl/wp-content/cache/minify/3d9a8.js]
[obierzynscy-ogrody.pl/wp-content/cache/minify/9f110.js]
[obierzynscy-ogrody.pl/wp-content/plugins/so-widgets-bundle/css/slider/fonts/slidere8c2.svg]
[obierzynscy-ogrody.pl/wp-content/plugins/elementor/assets/lib/eicons/fonts/eiconsc9e4.svg]
[obierzynscy-ogrody.pl/wp-content/plugins/elementor/assets/lib/font-awesome/fonts/fontawesome-webfont3e6e.svg]
[obierzynscy-ogrody.pl/wp-content/cache/minify/41fd0.css]
[obierzynscy-ogrody.pl/index0b69.html]
[obierzynscy-ogrody.pl/wp-content/cache/minify/fdeb8.js]
[obierzynscy-ogrody.pl/wp-content/cache/minify/25722.css]
[obierzynscy-ogrody.pl/index0e62.html]
[obierzynscy-ogrody.pl/wp-content/cache/minify/3b3ea.js]
[obierzynscy-ogrody.pl/wp-content/cache/minify/2b2cb.css]
[obierzynscy-ogrody.pl/index1aa7.html]
[obierzynscy-ogrody.pl/wp-content/cache/minify/d13aa.js]
[obierzynscy-ogrody.pl/wp-content/cache/minify/a017a.js]
[obierzynscy-ogrody.pl/wp-content/cache/minify/fc2ab.css]
[obierzynscy-ogrody.pl/indexa1ca.html]
[obierzynscy-ogrody.pl/wp-content/cache/minify/eb91e.css]
[obierzynscy-ogrody.pl/index817f.html]
[obierzynscy-ogrody.pl/wp-content/cache/minify/86de5.css]
[obierzynscy-ogrody.pl/index6c4a.html]
[obierzynscy-ogrody.pl/wp-content/cache/minify/b35d1.css]
[obierzynscy-ogrody.pl/index44b6.html]
[obierzynscy-ogrody.pl/wp-content/cache/minify/d01f8.css]
[obierzynscy-ogrody.pl/indexa741.html]
[obierzynscy-ogrody.pl/wp-content/cache/minify/2ef34.css]
[obierzynscy-ogrody.pl/indexf4ae.html]
[obierzynscy-ogrody.pl/wp-content/cache/minify/93886.css]
[obierzynscy-ogrody.pl/index29f2.html]
[obierzynscy-ogrody.pl/wp-content/cache/minify/841ee.css]
[obierzynscy-ogrody.pl/indexb0e9.html]
[obierzynscy-ogrody.pl/wp-content/cache/minify/cbf26.css]
[obierzynscy-ogrody.pl/indexf5bd.html]
[obierzynscy-ogrody.pl/wp-content/cache/minify/43402.css]
[obierzynscy-ogrody.pl/indexd8eb.html]
[obierzynscy-ogrody.pl/kontakt/_data_image/png;base64,iVBORw0KGgoAAAANSUhEUgAAABAAAAAQCAYA/9hAAABHklEQVQ4EaVTO26DQBD1ohQWaS2lg9JybZ+AK7hNw/98DywOw3Dued4Who/M2aIx5lZV1aEsy0+qiwHELyi+Ytl0PQ69SxAxkWIA4RMRTd/rRehyWhXq/il8IalkCLBfNVAAAAABJRU5]
[obierzynscy-ogrody.pl/wp-content/plugins/so-widgets-bundle/icons/fontawesome/webfonts/fa-solid-900.svg]
[obierzynscy-ogrody.pl/wp-content/plugins/so-widgets-bundle/icons/fontawesome/webfonts/fa-brands-400.svg]
[obierzynscy-ogrody.pl/wp-content/plugins/so-widgets-bundle/icons/fontawesome/webfonts/fa-regular-400.svg]
[obierzynscy-ogrody.pl/wp-content/plugins/so-widgets-bundle/icons/fontawesome/webfonts/fa-solid-900.svg]
[obierzynscy-ogrody.pl/Version/index.html]
[obierzynscy-ogrody.pl/version/index-2.html]
[obierzynscy-ogrody.pl/Version/index.html]
[obierzynscy-ogrody.pl/version/index-2.html]
[obierzynscy-ogrody.pl/kontakt/_data_image/png;base64,iVBORw0KGgoAAAANSUhEUgAAABAAAAAQCAYA/9hAAABHklEQVQ4EaVTO26DQBD1ohQWaS2lg9JybZ+AK7hNw/98DywOw3Dued4Who/M2aIx5lZV1aEsy0+qiwHELyi+Ytl0PQ69SxAxkWIA4RMRTd/rRehyWhXq/il8IalkCLBfNVAAAAABJRU5-2]
[obierzynscy-ogrody.pl/kontakt/_data_image/png;base64,iVBORw0KGgoAAAANSUhEUgAAABAAAAAQCAYA/9hAAABHklEQVQ4EaVTO26DQBD1ohQWaS2lg9JybZ+AK7hNw/98DywOw3Dued4Who/M2aIx5lZV1aEsy0+qiwHELyi+Ytl0PQ69SxAxkWIA4RMRTd/rRehyWhXq/il8IalkCLBfNVAAAAABJRU5-2]
